
> remotion@1.0.0 dev
> remotion studio --port 3000

Server ready - Local: http://localhost:3000, Network: http://172.17.0.2:3000
Built in 2325ms
Building...
Built in 146ms
Building...
Built in 446ms
Building...
Built in 317ms
Building...
Built in 220ms
Building...
Built in 269ms
Building...
Built in 253ms
Building...
Built in 242ms
Building...
Built in 260ms
Building...
Built in 253ms
Building...
Built in 291ms
Building...
Built in 251ms
Building...
Built in 212ms
Building...
Built in 206ms
Building...
Built in 269ms
Building...
Built in 269ms
ERROR in ./src/Root.tsx 6:0-66
Module not found: Error: Can't resolve './QuickNote' in '/home/kavia/workspace/code-generation/quicknote-organizer-14917-2d4f5bb4/quicknote_organizer/src'
Built in 262ms
Building...
<w> [webpack.cache.PackFileCacheStrategy] Restoring pack from /home/kavia/workspace/code-generation/quicknote-organizer-14917-2d4f5bb4/quicknote_organizer/node_modules/.cache/webpack/remotion-development-4.0.286/57dc5c077c568900b80895d1d7803e2f.pack failed: TypeError: Cannot read properties of undefined (reading 'hasStartTime')
Built in 282ms
